// Jest Snapshot v1, https://goo.gl/fbAQLP

exports[`Home renders homepage unchanged 1`] = `
<div>
  <div
    class="container"
  >
    <nav
      class="navbar navbar-expand-lg"
    >
      <div
        class="container-fluid"
      >
        <a
          class="navbar-brand"
          href="/"
        >
          Storybook Academy
        </a>
        <button
          aria-controls="responsive-navbar-nav"
          aria-label="Toggle navigation"
          class="navbar-toggler"
          type="button"
        >
          <span
            class="navbar-toggler-icon"
          />
        </button>
        <div
          class="collapse navbar-collapse"
        >
          <ul
            class="me-auto nav"
          />
          <ul
            class="nav"
          >
            <a
              class="nav-link"
              href="/sign-in"
            >
              Sign in
            </a>
            <a
              class="nav-link"
              href="/sign-up"
            >
              Sign up
            </a>
          </ul>
        </div>
      </div>
    </nav>
    <div
      style="display: flex; min-height: calc(90vh - 90px); justify-content: center; align-items: center;"
    >
      <div>
        <h1
          style="font-size: 50px; padding: 28px;"
        >
          Welcome to Storybook Academy
        </h1>
        <div
          style="text-align: center;"
        >
          <a
            class="btn btn-primary btn-lg"
            href="/sign-up"
          >
            Get started
          </a>
        </div>
      </div>
    </div>
  </div>
</div>
`;
